// Jest Snapshot v1, https://goo.gl/fbAQLP

exports[`getData Saga should call the stringsFetchingError action if the response errors 1`] = `
Object {
  "@@redux-saga/IO": true,
  "FORK": Object {
    "args": Array [
      "Strings-App/App/GET_STRINGS",
      [Function],
    ],
    "context": null,
    "fn": [Function],
  },
}
`;

exports[`getData Saga should dispatch the stringsFetched action if it requests the data successfully 1`] = `
Object {
  "@@redux-saga/IO": true,
  "FORK": Object {
    "args": Array [
      "Strings-App/App/GET_STRINGS",
      [Function],
    ],
    "context": null,
    "fn": [Function],
  },
}
`;
